Archive member included to satisfy reference by file (symbol)

C:\Users\Bakhtizin\Documents\LPCXpresso_8.2.0_647\workspace\lpc_board_nxp_lpcxpresso_1769\Debug\liblpc_board_nxp_lpcxpresso_1769.a(board.o)
                              ./src/PheriphMeeting.o (Board_LED_Set)
C:\Users\Bakhtizin\Documents\LPCXpresso_8.2.0_647\workspace\lpc_board_nxp_lpcxpresso_1769\Debug\liblpc_board_nxp_lpcxpresso_1769.a(board_sysinit.o)
                              ./src/sysinit.o (Board_SystemInit)
C:\Users\Bakhtizin\Documents\LPCXpresso_8.2.0_647\workspace\lpc_chip_175x_6x\Debug\liblpc_chip_175x_6x.a(chip_17xx_40xx.o)
                              ./src/PheriphMeeting.o (SystemCoreClockUpdate)
C:\Users\Bakhtizin\Documents\LPCXpresso_8.2.0_647\workspace\lpc_chip_175x_6x\Debug\liblpc_chip_175x_6x.a(clock_17xx_40xx.o)
                              C:\Users\Bakhtizin\Documents\LPCXpresso_8.2.0_647\workspace\lpc_chip_175x_6x\Debug\liblpc_chip_175x_6x.a(chip_17xx_40xx.o) (Chip_Clock_EnablePLL)
C:\Users\Bakhtizin\Documents\LPCXpresso_8.2.0_647\workspace\lpc_chip_175x_6x\Debug\liblpc_chip_175x_6x.a(i2s_17xx_40xx.o)
                              C:\Users\Bakhtizin\Documents\LPCXpresso_8.2.0_647\workspace\lpc_board_nxp_lpcxpresso_1769\Debug\liblpc_board_nxp_lpcxpresso_1769.a(board.o) (Chip_I2S_Init)
C:\Users\Bakhtizin\Documents\LPCXpresso_8.2.0_647\workspace\lpc_chip_175x_6x\Debug\liblpc_chip_175x_6x.a(iocon_17xx_40xx.o)
                              C:\Users\Bakhtizin\Documents\LPCXpresso_8.2.0_647\workspace\lpc_board_nxp_lpcxpresso_1769\Debug\liblpc_board_nxp_lpcxpresso_1769.a(board.o) (Chip_IOCON_PinMux)
C:\Users\Bakhtizin\Documents\LPCXpresso_8.2.0_647\workspace\lpc_chip_175x_6x\Debug\liblpc_chip_175x_6x.a(sysinit_17xx_40xx.o)
                              C:\Users\Bakhtizin\Documents\LPCXpresso_8.2.0_647\workspace\lpc_board_nxp_lpcxpresso_1769\Debug\liblpc_board_nxp_lpcxpresso_1769.a(board_sysinit.o) (Chip_SetupXtalClocking)
C:\Users\Bakhtizin\Documents\LPCXpresso_8.2.0_647\workspace\lpc_chip_175x_6x\Debug\liblpc_chip_175x_6x.a(uart_17xx_40xx.o)
                              C:\Users\Bakhtizin\Documents\LPCXpresso_8.2.0_647\workspace\lpc_board_nxp_lpcxpresso_1769\Debug\liblpc_board_nxp_lpcxpresso_1769.a(board.o) (Chip_UART_Init)
C:\Users\Bakhtizin\Documents\LPCXpresso_8.2.0_647\workspace\lpc_chip_175x_6x\Debug\liblpc_chip_175x_6x.a(ring_buffer.o)
                              C:\Users\Bakhtizin\Documents\LPCXpresso_8.2.0_647\workspace\lpc_chip_175x_6x\Debug\liblpc_chip_175x_6x.a(uart_17xx_40xx.o) (RingBuffer_Insert)
c:/nxp/lpcxpresso_8.2.0_647/lpcxpresso/tools/bin/../lib/gcc/arm-none-eabi/5.3.1/../../../../arm-none-eabi/lib/armv7-m\libcr_c.a(memcpy.o)
                              C:\Users\Bakhtizin\Documents\LPCXpresso_8.2.0_647\workspace\lpc_board_nxp_lpcxpresso_1769\Debug\liblpc_board_nxp_lpcxpresso_1769.a(board.o) (memcpy)
c:/nxp/lpcxpresso_8.2.0_647/lpcxpresso/tools/bin/../lib/gcc/arm-none-eabi/5.3.1/../../../../arm-none-eabi/lib/armv7-m\libcr_c.a(__weak__main.o)
                              ./src/cr_startup_lpc175x_6x.o (__main)
c:/nxp/lpcxpresso_8.2.0_647/lpcxpresso/tools/bin/../lib/gcc/arm-none-eabi/5.3.1/armv7-m\libcr_eabihelpers.a(division_64.o)
                              C:\Users\Bakhtizin\Documents\LPCXpresso_8.2.0_647\workspace\lpc_chip_175x_6x\Debug\liblpc_chip_175x_6x.a(i2s_17xx_40xx.o) (__aeabi_uldivmod)
c:/nxp/lpcxpresso_8.2.0_647/lpcxpresso/tools/bin/../lib/gcc/arm-none-eabi/5.3.1/armv7-m\libcr_eabihelpers.a(division_idiv0.o)
                              c:/nxp/lpcxpresso_8.2.0_647/lpcxpresso/tools/bin/../lib/gcc/arm-none-eabi/5.3.1/armv7-m\libcr_eabihelpers.a(division_64.o) (__aeabi_idiv0)
c:/nxp/lpcxpresso_8.2.0_647/lpcxpresso/tools/bin/../lib/gcc/arm-none-eabi/5.3.1/armv7-m\libcr_eabihelpers.a(memcpy.o)
                              c:/nxp/lpcxpresso_8.2.0_647/lpcxpresso/tools/bin/../lib/gcc/arm-none-eabi/5.3.1/../../../../arm-none-eabi/lib/armv7-m\libcr_c.a(memcpy.o) (__aeabi_memcpy)

Allocating common symbols
Common symbol       size              file

SystemCoreClock     0x4               C:\Users\Bakhtizin\Documents\LPCXpresso_8.2.0_647\workspace\lpc_chip_175x_6x\Debug\liblpc_chip_175x_6x.a(chip_17xx_40xx.o)

Discarded input sections

 .group         0x00000000        0x8 ./src/PheriphMeeting.o
 .group         0x00000000        0x8 ./src/PheriphMeeting.o
 .group         0x00000000        0x8 ./src/PheriphMeeting.o
 .group         0x00000000        0x8 ./src/PheriphMeeting.o
 .group         0x00000000        0x8 ./src/PheriphMeeting.o
 .group         0x00000000        0x8 ./src/PheriphMeeting.o
 .group         0x00000000        0x8 ./src/PheriphMeeting.o
 .group         0x00000000        0x8 ./src/PheriphMeeting.o
 .group         0x00000000        0x8 ./src/PheriphMeeting.o
 .group         0x00000000        0x8 ./src/PheriphMeeting.o
 .group         0x00000000        0x8 ./src/PheriphMeeting.o
 .group         0x00000000        0x8 ./src/PheriphMeeting.o
[...]
Memory Configuration

Name             Origin             Length             Attributes
MFlash512        0x00000000         0x00080000         xr
RamLoc32         0x10000000         0x00008000         xrw
RamAHB32         0x2007c000         0x00008000         xrw
*default*        0x00000000         0xffffffff

Linker script and memory map

LOAD ./src/PheriphMeeting.o
LOAD ./src/cr_startup_lpc175x_6x.o
LOAD ./src/crp.o
LOAD ./src/sysinit.o
LOAD C:\Users\Bakhtizin\Documents\LPCXpresso_8.2.0_647\workspace\lpc_board_nxp_lpcxpresso_1769\Debug\liblpc_board_nxp_lpcxpresso_1769.a
LOAD C:\Users\Bakhtizin\Documents\LPCXpresso_8.2.0_647\workspace\lpc_chip_175x_6x\Debug\liblpc_chip_175x_6x.a
START GROUP
LOAD c:/nxp/lpcxpresso_8.2.0_647/lpcxpresso/tools/bin/../lib/gcc/arm-none-eabi/5.3.1/../../../../arm-none-eabi/lib/armv7-m\libcr_c.a
LOAD c:/nxp/lpcxpresso_8.2.0_647/lpcxpresso/tools/bin/../lib/gcc/arm-none-eabi/5.3.1/armv7-m\libcr_eabihelpers.a
END GROUP
                0x00000000                __base_MFlash512 = 0x0
                0x00000000                __base_Flash = 0x0
                0x00080000                __top_MFlash512 = 0x80000
                0x00080000                __top_Flash = 0x80000
                0x10000000                __base_RamLoc32 = 0x10000000
                0x10000000                __base_RAM = 0x10000000
                0x10008000                __top_RamLoc32 = 0x10008000
                0x10008000                __top_RAM = 0x10008000
                0x2007c000                __base_RamAHB32 = 0x2007c000
                0x2007c000                __base_RAM2 = 0x2007c000
                0x20084000                __top_RamAHB32 = 0x20084000
                0x20084000                __top_RAM2 = 0x20084000

.text           0x00000000      0xf8c
 FILL mask 0xff
                0x00000000                __vectors_start__ = ABSOLUTE (.)
 *(.isr_vector)
 .isr_vector    0x00000000       0xcc ./src/cr_startup_lpc175x_6x.o
                0x00000000                g_pfnVectors
                0x000000cc                . = ALIGN (0x4)
                0x000000cc                __section_table_start = .
                0x000000cc                __data_section_table = .
                0x000000cc        0x4 LONG 0xf8c LOADADDR (.data)
                0x000000d0        0x4 LONG 0x10000000 ADDR (.data)
                0x000000d4        0x4 LONG 0x0 SIZEOF (.data)
                0x000000d8        0x4 LONG 0xf8c LOADADDR (.data_RAM2)
                0x000000dc        0x4 LONG 0x2007c000 ADDR (.data_RAM2)
                0x000000e0        0x4 LONG 0x0 SIZEOF (.data_RAM2)
                0x000000e4                __data_section_table_end = .
                0x000000e4                __bss_section_table = .
                0x000000e4        0x4 LONG 0x10000000 ADDR (.bss)
                0x000000e8        0x4 LONG 0x4 SIZEOF (.bss)
                0x000000ec        0x4 LONG 0x2007c000 ADDR (.bss_RAM2)
                0x000000f0        0x4 LONG 0x0 SIZEOF (.bss_RAM2)
                0x000000f4                __bss_section_table_end = .
                0x000000f4                __section_table_end = .
 *(.after_vectors*)
 .after_vectors
                0x000000f4      0x144 ./src/cr_startup_lpc175x_6x.o
                0x000000f4                data_init
                0x00000138                bss_init
                0x00000170                ResetISR
                0x000001e8                NMI_Handler
                0x000001f0                HardFault_Handler
                0x000001f8                MemManage_Handler
                0x00000200                BusFault_Handler
                0x00000208                UsageFault_Handler
                0x00000210                SVC_Handler
                0x00000218                DebugMon_Handler
                0x00000220                PendSV_Handler
                0x00000228                SysTick_Handler
                0x00000230                EINT3_IRQHandler
                0x00000230                CANActivity_IRQHandler
                0x00000230                TIMER3_IRQHandler
                0x00000230                UART0_IRQHandler
                0x00000230                UART1_IRQHandler
                0x00000230                EINT2_IRQHandler
                0x00000230                USBActivity_IRQHandler
                0x00000230                IntDefaultHandler
                0x00000230                PLL0_IRQHandler
                0x00000230                CAN_IRQHandler
                0x00000230                I2C1_IRQHandler
                0x00000230                SSP0_IRQHandler
                0x00000230                I2S_IRQHandler
                0x00000230                I2C2_IRQHandler
                0x00000230                RTC_IRQHandler
                0x00000230                TIMER0_IRQHandler
                0x00000230                SPI_IRQHandler
                0x00000230                RIT_IRQHandler
                0x00000230                EINT1_IRQHandler
                0x00000230                TIMER1_IRQHandler
                0x00000230                UART2_IRQHandler
                0x00000230                ADC_IRQHandler
                0x00000230                SSP1_IRQHandler
                0x00000230                USB_IRQHandler
                0x00000230                BOD_IRQHandler
                0x00000230                I2C0_IRQHandler
                0x00000230                WDT_IRQHandler
                0x00000230                PWM1_IRQHandler
                0x00000230                QEI_IRQHandler
                0x00000230                EINT0_IRQHandler
                0x00000230                ETH_IRQHandler
                0x00000230                PLL1_IRQHandler
                0x00000230                DMA_IRQHandler
                0x00000230                TIMER2_IRQHandler
                0x00000230                UART3_IRQHandler
                0x00000230                MCPWM_IRQHandler
                0x000002fc                . = 0x2fc
 *fill*         0x00000238       0xc4 ff
                0x000002fc                PROVIDE (__CRP_WORD_START__, .)
 *(.crp)
 .crp           0x000002fc        0x4 ./src/crp.o
                0x000002fc                CRP_WORD
                0x00000300                PROVIDE (__CRP_WORD_END__, .)
                0x00000001                ASSERT (! ((__CRP_WORD_START__ == __CRP_WORD_END__)), Linker CRP Enabled, but no CRP_WORD provided within application)
 *(.text*)
 .text.main     0x00000300       0x44 ./src/PheriphMeeting.o
                0x00000300                main
 .text.SystemInit
                0x00000344       0x24 ./src/sysinit.o
                0x00000344                SystemInit
 .text.Chip_IOCON_Init
                0x00000368       0x18 C:\Users\Bakhtizin\Documents\LPCXpresso_8.2.0_647\workspace\lpc_board_nxp_lpcxpresso_1769\Debug\liblpc_board_nxp_lpcxpresso_1769.a(board.o)
 .text.Chip_GPIO_Init
                0x00000380       0x18 C:\Users\Bakhtizin\Documents\LPCXpresso_8.2.0_647\workspace\lpc_board_nxp_lpcxpresso_1769\Debug\liblpc_board_nxp_lpcxpresso_1769.a(board.o)
 .text.Chip_GPIO_SetPinState
                0x00000398       0x68 C:\Users\Bakhtizin\Documents\LPCXpresso_8.2.0_647\workspace\lpc_board_nxp_lpcxpresso_1769\Debug\liblpc_board_nxp_lpcxpresso_1769.a(board.o)
 .text.Chip_GPIO_WritePortBit
                0x00000400       0x2c C:\Users\Bakhtizin\Documents\LPCXpresso_8.2.0_647\workspace\lpc_board_nxp_lpcxpresso_1769\Debug\liblpc_board_nxp_lpcxpresso_1769.a(board.o)
 .text.Chip_GPIO_SetPinDIROutput
                0x0000042c       0x38 C:\Users\Bakhtizin\Documents\LPCXpresso_8.2.0_647\workspace\lpc_board_nxp_lpcxpresso_1769\Debug\liblpc_board_nxp_lpcxpresso_1769.a(board.o)
 .text.Chip_GPIO_SetPinDIRInput
                0x00000464       0x3c C:\Users\Bakhtizin\Documents\LPCXpresso_8.2.0_647\workspace\lpc_board_nxp_lpcxpresso_1769\Debug\liblpc_board_nxp_lpcxpresso_1769.a(board.o)
 .text.Chip_GPIO_SetPinDIR
                0x000004a0       0x44 C:\Users\Bakhtizin\Documents\LPCXpresso_8.2.0_647\workspace\lpc_board_nxp_lpcxpresso_1769\Debug\liblpc_board_nxp_lpcxpresso_1769.a(board.o)
 .text.Chip_GPIO_WriteDirBit
                0x000004e4       0x30 C:\Users\Bakhtizin\Documents\LPCXpresso_8.2.0_647\workspace\lpc_board_nxp_lpcxpresso_1769\Debug\liblpc_board_nxp_lpcxpresso_1769.a(board.o)
 .text.Chip_UART_ConfigData
                0x00000514       0x1c C:\Users\Bakhtizin\Documents\LPCXpresso_8.2.0_647\workspace\lpc_board_nxp_lpcxpresso_1769\Debug\liblpc_board_nxp_lpcxpresso_1769.a(board.o)
 .text.Board_LED_Init
                0x00000530       0x18 C:\Users\Bakhtizin\Documents\LPCXpresso_8.2.0_647\workspace\lpc_board_nxp_lpcxpresso_1769\Debug\liblpc_board_nxp_lpcxpresso_1769.a(board.o)
 .text.Board_UART_Init
                0x00000548       0x14 C:\Users\Bakhtizin\Documents\LPCXpresso_8.2.0_647\workspace\lpc_board_nxp_lpcxpresso_1769\Debug\liblpc_board_nxp_lpcxpresso_1769.a(board.o)
                0x00000548                Board_UART_Init
 .text.Board_Debug_Init
                0x0000055c       0x30 C:\Users\Bakhtizin\Documents\LPCXpresso_8.2.0_647\workspace\lpc_board_nxp_lpcxpresso_1769\Debug\liblpc_board_nxp_lpcxpresso_1769.a(board.o)
                0x0000055c                Board_Debug_Init
 .text.Board_LED_Set
                0x0000058c       0x30 C:\Users\Bakhtizin\Documents\LPCXpresso_8.2.0_647\workspace\lpc_board_nxp_lpcxpresso_1769\Debug\liblpc_board_nxp_lpcxpresso_1769.a(board.o)
                0x0000058c                Board_LED_Set
 .text.Board_Init
                0x000005bc       0x24 C:\Users\Bakhtizin\Documents\LPCXpresso_8.2.0_647\workspace\lpc_board_nxp_lpcxpresso_1769\Debug\liblpc_board_nxp_lpcxpresso_1769.a(board.o)
                0x000005bc                Board_Init
 .text.Chip_SYSCTL_SetFLASHAccess
                0x000005e0       0x30 C:\Users\Bakhtizin\Documents\LPCXpresso_8.2.0_647\workspace\lpc_board_nxp_lpcxpresso_1769\Debug\liblpc_board_nxp_lpcxpresso_1769.a(board_sysinit.o)
 .text.Board_SetupMuxing
                0x00000610       0x1c C:\Users\Bakhtizin\Documents\LPCXpresso_8.2.0_647\workspace\lpc_board_nxp_lpcxpresso_1769\Debug\liblpc_board_nxp_lpcxpresso_1769.a(board_sysinit.o)
                0x00000610                Board_SetupMuxing
 .text.Board_SetupClocking
                0x0000062c       0x14 C:\Users\Bakhtizin\Documents\LPCXpresso_8.2.0_647\workspace\lpc_board_nxp_lpcxpresso_1769\Debug\liblpc_board_nxp_lpcxpresso_1769.a(board_sysinit.o)
                0x0000062c                Board_SetupClocking
 .text.Board_SystemInit
                0x00000640       0x10 C:\Users\Bakhtizin\Documents\LPCXpresso_8.2.0_647\workspace\lpc_board_nxp_lpcxpresso_1769\Debug\liblpc_board_nxp_lpcxpresso_1769.a(board_sysinit.o)
                0x00000640                Board_SystemInit
 .text.SystemCoreClockUpdate
                0x00000650       0x18 C:\Users\Bakhtizin\Documents\LPCXpresso_8.2.0_647\workspace\lpc_chip_175x_6x\Debug\liblpc_chip_175x_6x.a(chip_17xx_40xx.o)
                0x00000650                SystemCoreClockUpdate
 .text.Chip_Clock_IsMainPLLEnabled
                0x00000668       0x24 C:\Users\Bakhtizin\Documents\LPCXpresso_8.2.0_647\workspace\lpc_chip_175x_6x\Debug\liblpc_chip_175x_6x.a(clock_17xx_40xx.o)
 .text.Chip_Clock_IsMainPLLConnected
                0x0000068c       0x24 C:\Users\Bakhtizin\Documents\LPCXpresso_8.2.0_647\workspace\lpc_chip_175x_6x\Debug\liblpc_chip_175x_6x.a(clock_17xx_40xx.o)
 .text.Chip_Clock_FeedPLL
                0x000006b0       0x34 C:\Users\Bakhtizin\Documents\LPCXpresso_8.2.0_647\workspace\lpc_chip_175x_6x\Debug\liblpc_chip_175x_6x.a(clock_17xx_40xx.o)
 .text.Chip_Clock_GetMainPLLSource
                0x000006e4       0x20 C:\Users\Bakhtizin\Documents\LPCXpresso_8.2.0_647\workspace\lpc_chip_175x_6x\Debug\liblpc_chip_175x_6x.a(clock_17xx_40xx.o)
 .text.Chip_Clock_GetMainOscRate
                0x00000704       0x14 C:\Users\Bakhtizin\Documents\LPCXpresso_8.2.0_647\workspace\lpc_chip_175x_6x\Debug\liblpc_chip_175x_6x.a(clock_17xx_40xx.o)
 .text.Chip_Clock_GetIntOscRate
                0x00000718       0x14 C:\Users\Bakhtizin\Documents\LPCXpresso_8.2.0_647\workspace\lpc_chip_175x_6x\Debug\liblpc_chip_175x_6x.a(clock_17xx_40xx.o)
 .text.Chip_Clock_GetRTCOscRate
                0x0000072c       0x14 C:\Users\Bakhtizin\Documents\LPCXpresso_8.2.0_647\workspace\lpc_chip_175x_6x\Debug\liblpc_chip_175x_6x.a(clock_17xx_40xx.o)
 .text.Chip_Clock_GetMainPLLInClockRate
                0x00000740       0x10 C:\Users\Bakhtizin\Documents\LPCXpresso_8.2.0_647\workspace\lpc_chip_175x_6x\Debug\liblpc_chip_175x_6x.a(clock_17xx_40xx.o)
 .text.Chip_Clock_EnablePLL
                0x00000750       0x44 C:\Users\Bakhtizin\Documents\LPCXpresso_8.2.0_647\workspace\lpc_chip_175x_6x\Debug\liblpc_chip_175x_6x.a(clock_17xx_40xx.o)
                0x00000750                Chip_Clock_EnablePLL
 .text.Chip_Clock_DisablePLL
                0x00000794       0x48 C:\Users\Bakhtizin\Documents\LPCXpresso_8.2.0_647\workspace\lpc_chip_175x_6x\Debug\liblpc_chip_175x_6x.a(clock_17xx_40xx.o)
                0x00000794                Chip_Clock_DisablePLL
 .text.Chip_Clock_SetupPLL
                0x000007dc       0x5c C:\Users\Bakhtizin\Documents\LPCXpresso_8.2.0_647\workspace\lpc_chip_175x_6x\Debug\liblpc_chip_175x_6x.a(clock_17xx_40xx.o)
                0x000007dc                Chip_Clock_SetupPLL
 .text.Chip_Clock_EnablePeriphClock
                0x00000838       0x34 C:\Users\Bakhtizin\Documents\LPCXpresso_8.2.0_647\workspace\lpc_chip_175x_6x\Debug\liblpc_chip_175x_6x.a(clock_17xx_40xx.o)
                0x00000838                Chip_Clock_EnablePeriphClock
 .text.Chip_Clock_GetCPUClockSource
                0x0000086c       0x24 C:\Users\Bakhtizin\Documents\LPCXpresso_8.2.0_647\workspace\lpc_chip_175x_6x\Debug\liblpc_chip_175x_6x.a(clock_17xx_40xx.o)
                0x0000086c                Chip_Clock_GetCPUClockSource
 .text.Chip_Clock_SetCPUClockDiv
                0x00000890       0x20 C:\Users\Bakhtizin\Documents\LPCXpresso_8.2.0_647\workspace\lpc_chip_175x_6x\Debug\liblpc_chip_175x_6x.a(clock_17xx_40xx.o)
                0x00000890                Chip_Clock_SetCPUClockDiv
 .text.Chip_Clock_GetCPUClockDiv
                0x000008b0       0x1c C:\Users\Bakhtizin\Documents\LPCXpresso_8.2.0_647\workspace\lpc_chip_175x_6x\Debug\liblpc_chip_175x_6x.a(clock_17xx_40xx.o)
                0x000008b0                Chip_Clock_GetCPUClockDiv
 .text.Chip_Clock_GetPCLKDiv
                0x000008cc       0x8c C:\Users\Bakhtizin\Documents\LPCXpresso_8.2.0_647\workspace\lpc_chip_175x_6x\Debug\liblpc_chip_175x_6x.a(clock_17xx_40xx.o)
                0x000008cc                Chip_Clock_GetPCLKDiv
 .text.Chip_Clock_GetSYSCLKRate
                0x00000958       0x34 C:\Users\Bakhtizin\Documents\LPCXpresso_8.2.0_647\workspace\lpc_chip_175x_6x\Debug\liblpc_chip_175x_6x.a(clock_17xx_40xx.o)
                0x00000958                Chip_Clock_GetSYSCLKRate
 .text.Chip_Clock_GetMainPLLOutClockRate
                0x0000098c       0x54 C:\Users\Bakhtizin\Documents\LPCXpresso_8.2.0_647\workspace\lpc_chip_175x_6x\Debug\liblpc_chip_175x_6x.a(clock_17xx_40xx.o)
                0x0000098c                Chip_Clock_GetMainPLLOutClockRate
 .text.Chip_Clock_GetMainClockRate
                0x000009e0       0x28 C:\Users\Bakhtizin\Documents\LPCXpresso_8.2.0_647\workspace\lpc_chip_175x_6x\Debug\liblpc_chip_175x_6x.a(clock_17xx_40xx.o)
                0x000009e0                Chip_Clock_GetMainClockRate
 .text.Chip_Clock_GetSystemClockRate
                0x00000a08       0x18 C:\Users\Bakhtizin\Documents\LPCXpresso_8.2.0_647\workspace\lpc_chip_175x_6x\Debug\liblpc_chip_175x_6x.a(clock_17xx_40xx.o)
                0x00000a08                Chip_Clock_GetSystemClockRate
 .text.Chip_Clock_GetPeripheralClockRate
                0x00000a20       0x28 C:\Users\Bakhtizin\Documents\LPCXpresso_8.2.0_647\workspace\lpc_chip_175x_6x\Debug\liblpc_chip_175x_6x.a(clock_17xx_40xx.o)
                0x00000a20                Chip_Clock_GetPeripheralClockRate
 .text.Chip_IOCON_PinMuxSet
                0x00000a48       0x38 C:\Users\Bakhtizin\Documents\LPCXpresso_8.2.0_647\workspace\lpc_chip_175x_6x\Debug\liblpc_chip_175x_6x.a(iocon_17xx_40xx.o)
                0x00000a48                Chip_IOCON_PinMuxSet
 .text.Chip_IOCON_PinMux
                0x00000a80       0x94 C:\Users\Bakhtizin\Documents\LPCXpresso_8.2.0_647\workspace\lpc_chip_175x_6x\Debug\liblpc_chip_175x_6x.a(iocon_17xx_40xx.o)
                0x00000a80                Chip_IOCON_PinMux
 .text.Chip_IOCON_SetPinMuxing
                0x00000b14       0x64 C:\Users\Bakhtizin\Documents\LPCXpresso_8.2.0_647\workspace\lpc_chip_175x_6x\Debug\liblpc_chip_175x_6x.a(iocon_17xx_40xx.o)
                0x00000b14                Chip_IOCON_SetPinMuxing
 .text.Chip_Clock_IsMainPLLEnabled
                0x00000b78       0x24 C:\Users\Bakhtizin\Documents\LPCXpresso_8.2.0_647\workspace\lpc_chip_175x_6x\Debug\liblpc_chip_175x_6x.a(sysinit_17xx_40xx.o)
 .text.Chip_Clock_IsMainPLLLocked
                0x00000b9c       0x24 C:\Users\Bakhtizin\Documents\LPCXpresso_8.2.0_647\workspace\lpc_chip_175x_6x\Debug\liblpc_chip_175x_6x.a(sysinit_17xx_40xx.o)
 .text.Chip_Clock_IsMainPLLConnected
                0x00000bc0       0x24 C:\Users\Bakhtizin\Documents\LPCXpresso_8.2.0_647\workspace\lpc_chip_175x_6x\Debug\liblpc_chip_175x_6x.a(sysinit_17xx_40xx.o)
 .text.Chip_Clock_EnableCrystal
                0x00000be4       0x20 C:\Users\Bakhtizin\Documents\LPCXpresso_8.2.0_647\workspace\lpc_chip_175x_6x\Debug\liblpc_chip_175x_6x.a(sysinit_17xx_40xx.o)
 .text.Chip_Clock_IsCrystalEnabled
                0x00000c04       0x24 C:\Users\Bakhtizin\Documents\LPCXpresso_8.2.0_647\workspace\lpc_chip_175x_6x\Debug\liblpc_chip_175x_6x.a(sysinit_17xx_40xx.o)
 .text.Chip_Clock_SetMainPLLSource
                0x00000c28       0x20 C:\Users\Bakhtizin\Documents\LPCXpresso_8.2.0_647\workspace\lpc_chip_175x_6x\Debug\liblpc_chip_175x_6x.a(sysinit_17xx_40xx.o)
 .text.Chip_SetupXtalClocking
                0x00000c48       0x90 C:\Users\Bakhtizin\Documents\LPCXpresso_8.2.0_647\workspace\lpc_chip_175x_6x\Debug\liblpc_chip_175x_6x.a(sysinit_17xx_40xx.o)
                0x00000c48                Chip_SetupXtalClocking
 .text.Chip_UART_SetupFIFOS
                0x00000cd8       0x1c C:\Users\Bakhtizin\Documents\LPCXpresso_8.2.0_647\workspace\lpc_chip_175x_6x\Debug\liblpc_chip_175x_6x.a(uart_17xx_40xx.o)
 .text.Chip_UART_ConfigData
                0x00000cf4       0x1c C:\Users\Bakhtizin\Documents\LPCXpresso_8.2.0_647\workspace\lpc_chip_175x_6x\Debug\liblpc_chip_175x_6x.a(uart_17xx_40xx.o)
 .text.Chip_UART_EnableDivisorAccess
                0x00000d10       0x20 C:\Users\Bakhtizin\Documents\LPCXpresso_8.2.0_647\workspace\lpc_chip_175x_6x\Debug\liblpc_chip_175x_6x.a(uart_17xx_40xx.o)
 .text.Chip_UART_DisableDivisorAccess
                0x00000d30       0x20 C:\Users\Bakhtizin\Documents\LPCXpresso_8.2.0_647\workspace\lpc_chip_175x_6x\Debug\liblpc_chip_175x_6x.a(uart_17xx_40xx.o)
 .text.Chip_UART_SetDivisorLatches
                0x00000d50       0x28 C:\Users\Bakhtizin\Documents\LPCXpresso_8.2.0_647\workspace\lpc_chip_175x_6x\Debug\liblpc_chip_175x_6x.a(uart_17xx_40xx.o)
 .text.Chip_UART_GetClockIndex
                0x00000d78       0x50 C:\Users\Bakhtizin\Documents\LPCXpresso_8.2.0_647\workspace\lpc_chip_175x_6x\Debug\liblpc_chip_175x_6x.a(uart_17xx_40xx.o)
 .text.Chip_UART_GetClkIndex
                0x00000dc8       0x50 C:\Users\Bakhtizin\Documents\LPCXpresso_8.2.0_647\workspace\lpc_chip_175x_6x\Debug\liblpc_chip_175x_6x.a(uart_17xx_40xx.o)
 .text.Chip_UART_Init
                0x00000e18       0x78 C:\Users\Bakhtizin\Documents\LPCXpresso_8.2.0_647\workspace\lpc_chip_175x_6x\Debug\liblpc_chip_175x_6x.a(uart_17xx_40xx.o)
                0x00000e18                Chip_UART_Init
 .text.Chip_UART_TXEnable
                0x00000e90       0x18 C:\Users\Bakhtizin\Documents\LPCXpresso_8.2.0_647\workspace\lpc_chip_175x_6x\Debug\liblpc_chip_175x_6x.a(uart_17xx_40xx.o)
                0x00000e90                Chip_UART_TXEnable
 .text.Chip_UART_TXDisable
                0x00000ea8       0x18 C:\Users\Bakhtizin\Documents\LPCXpresso_8.2.0_647\workspace\lpc_chip_175x_6x\Debug\liblpc_chip_175x_6x.a(uart_17xx_40xx.o)
                0x00000ea8                Chip_UART_TXDisable
 .text.Chip_UART_SetBaud
                0x00000ec0       0x64 C:\Users\Bakhtizin\Documents\LPCXpresso_8.2.0_647\workspace\lpc_chip_175x_6x\Debug\liblpc_chip_175x_6x.a(uart_17xx_40xx.o)
                0x00000ec0                Chip_UART_SetBaud
 .text.__weak_main
                0x00000f24        0x4 c:/nxp/lpcxpresso_8.2.0_647/lpcxpresso/tools/bin/../lib/gcc/arm-none-eabi/5.3.1/../../../../arm-none-eabi/lib/armv7-m\libcr_c.a(__weak__main.o)
                0x00000f24                __weak_main
                0x00000f24                __main
 *(.rodata .rodata.* .constdata .constdata.*)
 .rodata.OscRateIn
                0x00000f28        0x4 C:\Users\Bakhtizin\Documents\LPCXpresso_8.2.0_647\workspace\lpc_board_nxp_lpcxpresso_1769\Debug\liblpc_board_nxp_lpcxpresso_1769.a(board.o)
                0x00000f28                OscRateIn
 .rodata.RTCOscRateIn
                0x00000f2c        0x4 C:\Users\Bakhtizin\Documents\LPCXpresso_8.2.0_647\workspace\lpc_board_nxp_lpcxpresso_1769\Debug\liblpc_board_nxp_lpcxpresso_1769.a(board.o)
                0x00000f2c                RTCOscRateIn
 .rodata.pinmuxing
                0x00000f30       0x5c C:\Users\Bakhtizin\Documents\LPCXpresso_8.2.0_647\workspace\lpc_board_nxp_lpcxpresso_1769\Debug\liblpc_board_nxp_lpcxpresso_1769.a(board_sysinit.o)
                0x00000f8c                . = ALIGN (0x4)

.glue_7         0x00000f8c        0x0
 .glue_7        0x00000f8c        0x0 linker stubs

.glue_7t        0x00000f8c        0x0
 .glue_7t       0x00000f8c        0x0 linker stubs

.vfp11_veneer   0x00000f8c        0x0
 .vfp11_veneer  0x00000f8c        0x0 linker stubs

.v4_bx          0x00000f8c        0x0
 .v4_bx         0x00000f8c        0x0 linker stubs

.iplt           0x00000f8c        0x0
 .iplt          0x00000f8c        0x0 ./src/PheriphMeeting.o

.rel.dyn        0x00000f8c        0x0
 .rel.iplt      0x00000f8c        0x0 ./src/PheriphMeeting.o

.ARM.extab
 *(.ARM.extab* .gnu.linkonce.armextab.*)
                0x00000f8c                __exidx_start = .

.ARM.exidx
 *(.ARM.exidx* .gnu.linkonce.armexidx.*)
                0x00000f8c                __exidx_end = .
                0x00000f8c                _etext = .

.data_RAM2      0x2007c000        0x0 load address 0x00000f8c
 FILL mask 0xff
                [!provide]                PROVIDE (__start_data_RAM2, .)
 *(.ramfunc.$RAM2)
 *(.ramfunc.$RamAHB32)
 *(.data.$RAM2*)
 *(.data.$RamAHB32*)
                0x2007c000                . = ALIGN (0x4)
                [!provide]                PROVIDE (__end_data_RAM2, .)

.uninit_RESERVED
                0x10000000        0x0
 *(.bss.$RESERVED*)
                0x10000000                . = ALIGN (0x4)
                0x10000000                _end_uninit_RESERVED = .

.data           0x10000000        0x0 load address 0x00000f8c
 FILL mask 0xff
                0x10000000                _data = .
 *(vtable)
 *(.ramfunc*)
 *(.data*)
                0x10000000                . = ALIGN (0x4)
                0x10000000                _edata = .

.igot.plt       0x10000000        0x0 load address 0x00000f8c
 .igot.plt      0x10000000        0x0 ./src/PheriphMeeting.o

.bss_RAM2       0x2007c000        0x0
                [!provide]                PROVIDE (__start_bss_RAM2, .)
 *(.bss.$RAM2*)
 *(.bss.$RamAHB32*)
                0x2007c000                . = ALIGN ((. != 0x0)?0x4:0x1)
                [!provide]                PROVIDE (__end_bss_RAM2, .)

.bss            0x10000000        0x4
                0x10000000                _bss = .
 *(.bss*)
 *(COMMON)
 COMMON         0x10000000        0x4 C:\Users\Bakhtizin\Documents\LPCXpresso_8.2.0_647\workspace\lpc_chip_175x_6x\Debug\liblpc_chip_175x_6x.a(chip_17xx_40xx.o)
                0x10000000                SystemCoreClock
                0x10000004                . = ALIGN (0x4)
                0x10000004                _ebss = .
                [!provide]                PROVIDE (end, .)

.noinit_RAM2    0x2007c000        0x0
 *(.noinit.$RAM2*)
 *(.noinit.$RamAHB32*)
                0x2007c000                . = ALIGN (0x4)

.noinit         0x10000004        0x0
                0x10000004                _noinit = .
 *(.noinit*)
                0x10000004                . = ALIGN (0x4)
                0x10000004                _end_noinit = .
                [!provide]                PROVIDE (_pvHeapStart, DEFINED (__user_heap_base)?__user_heap_base:.)
                0x10008000                PROVIDE (_vStackTop, DEFINED (__user_stack_top)?__user_stack_top:(__top_RamLoc32 - 0x0))
                0xefff74b2                PROVIDE (__valid_user_code_checksum, (0x0 - ((((((_vStackTop + (ResetISR + 0x1)) + (NMI_Handler + 0x1)) + (HardFault_Handler + 0x1)) + (DEFINED (MemManage_Handler)?MemManage_Handler:0x0 + 0x1)) + (DEFINED (BusFault_Handler)?BusFault_Handler:0x0 + 0x1)) + (DEFINED (UsageFault_Handler)?UsageFault_Handler:0x0 + 0x1))))
OUTPUT(PheriphMeeting.axf elf32-littlearm)

.debug_info     0x00000000     0x448c
 .debug_info    0x00000000      0x10a ./src/PheriphMeeting.o
 .debug_info    0x0000010a      0x253 ./src/cr_startup_lpc175x_6x.o
 .debug_info    0x0000035d       0x3f ./src/crp.o
 .debug_info    0x0000039c      0x110 ./src/sysinit.o
 .debug_info    0x000004ac     0x13d3 C:\Users\Bakhtizin\Documents\LPCXpresso_8.2.0_647\workspace\lpc_board_nxp_lpcxpresso_1769\Debug\liblpc_board_nxp_lpcxpresso_1769.a(board.o)
 .debug_info    0x0000187f      0x591 C:\Users\Bakhtizin\Documents\LPCXpresso_8.2.0_647\workspace\lpc_board_nxp_lpcxpresso_1769\Debug\liblpc_board_nxp_lpcxpresso_1769.a(board_sysinit.o)
 .debug_info    0x00001e10      0x51e C:\Users\Bakhtizin\Documents\LPCXpresso_8.2.0_647\workspace\lpc_chip_175x_6x\Debug\liblpc_chip_175x_6x.a(chip_17xx_40xx.o)
 .debug_info    0x0000232e      0xb62 C:\Users\Bakhtizin\Documents\LPCXpresso_8.2.0_647\workspace\lpc_chip_175x_6x\Debug\liblpc_chip_175x_6x.a(clock_17xx_40xx.o)
 .debug_info    0x00002e90      0x2e9 C:\Users\Bakhtizin\Documents\LPCXpresso_8.2.0_647\workspace\lpc_chip_175x_6x\Debug\liblpc_chip_175x_6x.a(iocon_17xx_40xx.o)
 .debug_info    0x00003179      0x439 C:\Users\Bakhtizin\Documents\LPCXpresso_8.2.0_647\workspace\lpc_chip_175x_6x\Debug\liblpc_chip_175x_6x.a(sysinit_17xx_40xx.o)
 .debug_info    0x000035b2      0xeda C:\Users\Bakhtizin\Documents\LPCXpresso_8.2.0_647\workspace\lpc_chip_175x_6x\Debug\liblpc_chip_175x_6x.a(uart_17xx_40xx.o)

.debug_abbrev   0x00000000     0x10f2
 .debug_abbrev  0x00000000       0xa4 ./src/PheriphMeeting.o
 .debug_abbrev  0x000000a4       0xf5 ./src/cr_startup_lpc175x_6x.o
 .debug_abbrev  0x00000199       0x36 ./src/crp.o
 .debug_abbrev  0x000001cf       0xa3 ./src/sysinit.o
 .debug_abbrev  0x00000272      0x379 C:\Users\Bakhtizin\Documents\LPCXpresso_8.2.0_647\workspace\lpc_board_nxp_lpcxpresso_1769\Debug\liblpc_board_nxp_lpcxpresso_1769.a(board.o)
 .debug_abbrev  0x000005eb      0x15c C:\Users\Bakhtizin\Documents\LPCXpresso_8.2.0_647\workspace\lpc_board_nxp_lpcxpresso_1769\Debug\liblpc_board_nxp_lpcxpresso_1769.a(board_sysinit.o)
 .debug_abbrev  0x00000747      0x13c C:\Users\Bakhtizin\Documents\LPCXpresso_8.2.0_647\workspace\lpc_chip_175x_6x\Debug\liblpc_chip_175x_6x.a(chip_17xx_40xx.o)
 .debug_abbrev  0x00000883      0x2ec C:\Users\Bakhtizin\Documents\LPCXpresso_8.2.0_647\workspace\lpc_chip_175x_6x\Debug\liblpc_chip_175x_6x.a(clock_17xx_40xx.o)
 .debug_abbrev  0x00000b6f      0x126 C:\Users\Bakhtizin\Documents\LPCXpresso_8.2.0_647\workspace\lpc_chip_175x_6x\Debug\liblpc_chip_175x_6x.a(iocon_17xx_40xx.o)
 .debug_abbrev  0x00000c95      0x175 C:\Users\Bakhtizin\Documents\LPCXpresso_8.2.0_647\workspace\lpc_chip_175x_6x\Debug\liblpc_chip_175x_6x.a(sysinit_17xx_40xx.o)
 .debug_abbrev  0x00000e0a      0x2e8 C:\Users\Bakhtizin\Documents\LPCXpresso_8.2.0_647\workspace\lpc_chip_175x_6x\Debug\liblpc_chip_175x_6x.a(uart_17xx_40xx.o)

.debug_aranges  0x00000000      0x580
 .debug_aranges
                0x00000000       0x20 ./src/PheriphMeeting.o
 .debug_aranges
                0x00000020       0x80 ./src/cr_startup_lpc175x_6x.o
 .debug_aranges
                0x000000a0       0x18 ./src/crp.o
 .debug_aranges
                0x000000b8       0x20 ./src/sysinit.o
 .debug_aranges
                0x000000d8      0x160 C:\Users\Bakhtizin\Documents\LPCXpresso_8.2.0_647\workspace\lpc_board_nxp_lpcxpresso_1769\Debug\liblpc_board_nxp_lpcxpresso_1769.a(board.o)
 .debug_aranges
                0x00000238       0x38 C:\Users\Bakhtizin\Documents\LPCXpresso_8.2.0_647\workspace\lpc_board_nxp_lpcxpresso_1769\Debug\liblpc_board_nxp_lpcxpresso_1769.a(board_sysinit.o)
 .debug_aranges
                0x00000270       0x38 C:\Users\Bakhtizin\Documents\LPCXpresso_8.2.0_647\workspace\lpc_chip_175x_6x\Debug\liblpc_chip_175x_6x.a(chip_17xx_40xx.o)
 .debug_aranges
                0x000002a8      0x120 C:\Users\Bakhtizin\Documents\LPCXpresso_8.2.0_647\workspace\lpc_chip_175x_6x\Debug\liblpc_chip_175x_6x.a(clock_17xx_40xx.o)
 .debug_aranges
                0x000003c8       0x30 C:\Users\Bakhtizin\Documents\LPCXpresso_8.2.0_647\workspace\lpc_chip_175x_6x\Debug\liblpc_chip_175x_6x.a(iocon_17xx_40xx.o)
 .debug_aranges
                0x000003f8       0x60 C:\Users\Bakhtizin\Documents\LPCXpresso_8.2.0_647\workspace\lpc_chip_175x_6x\Debug\liblpc_chip_175x_6x.a(sysinit_17xx_40xx.o)
 .debug_aranges
                0x00000458      0x128 C:\Users\Bakhtizin\Documents\LPCXpresso_8.2.0_647\workspace\lpc_chip_175x_6x\Debug\liblpc_chip_175x_6x.a(uart_17xx_40xx.o)

.debug_ranges   0x00000000      0x4c8
 .debug_ranges  0x00000000       0x10 ./src/PheriphMeeting.o
 .debug_ranges  0x00000010       0x70 ./src/cr_startup_lpc175x_6x.o
 .debug_ranges  0x00000080       0x10 ./src/sysinit.o
 .debug_ranges  0x00000090      0x150 C:\Users\Bakhtizin\Documents\LPCXpresso_8.2.0_647\workspace\lpc_board_nxp_lpcxpresso_1769\Debug\liblpc_board_nxp_lpcxpresso_1769.a(board.o)
 .debug_ranges  0x000001e0       0x28 C:\Users\Bakhtizin\Documents\LPCXpresso_8.2.0_647\workspace\lpc_board_nxp_lpcxpresso_1769\Debug\liblpc_board_nxp_lpcxpresso_1769.a(board_sysinit.o)
 .debug_ranges  0x00000208       0x28 C:\Users\Bakhtizin\Documents\LPCXpresso_8.2.0_647\workspace\lpc_chip_175x_6x\Debug\liblpc_chip_175x_6x.a(chip_17xx_40xx.o)
 .debug_ranges  0x00000230      0x110 C:\Users\Bakhtizin\Documents\LPCXpresso_8.2.0_647\workspace\lpc_chip_175x_6x\Debug\liblpc_chip_175x_6x.a(clock_17xx_40xx.o)
 .debug_ranges  0x00000340       0x20 C:\Users\Bakhtizin\Documents\LPCXpresso_8.2.0_647\workspace\lpc_chip_175x_6x\Debug\liblpc_chip_175x_6x.a(iocon_17xx_40xx.o)
 .debug_ranges  0x00000360       0x50 C:\Users\Bakhtizin\Documents\LPCXpresso_8.2.0_647\workspace\lpc_chip_175x_6x\Debug\liblpc_chip_175x_6x.a(sysinit_17xx_40xx.o)
 .debug_ranges  0x000003b0      0x118 C:\Users\Bakhtizin\Documents\LPCXpresso_8.2.0_647\workspace\lpc_chip_175x_6x\Debug\liblpc_chip_175x_6x.a(uart_17xx_40xx.o)

.debug_macro    0x00000000     0x547f
 .debug_macro   0x00000000      0x220 ./src/PheriphMeeting.o
 .debug_macro   0x00000220      0x892 ./src/PheriphMeeting.o
 .debug_macro   0x00000ab2       0x10 ./src/PheriphMeeting.o
 .debug_macro   0x00000ac2      0x12d ./src/PheriphMeeting.o
 .debug_macro   0x00000bef      0x5b2 ./src/PheriphMeeting.o
 .debug_macro   0x000011a1       0x22 ./src/PheriphMeeting.o
 .debug_macro   0x000011c3       0x7b ./src/PheriphMeeting.o
 .debug_macro   0x0000123e       0x10 ./src/PheriphMeeting.o
 .debug_macro   0x0000124e       0x2d ./src/PheriphMeeting.o
 .debug_macro   0x0000127b       0x3a ./src/PheriphMeeting.o
 .debug_macro   0x000012b5       0x2d ./src/PheriphMeeting.o
 .debug_macro   0x000012e2      0xbb1 ./src/PheriphMeeting.o
 .debug_macro   0x00001e93      0x22c ./src/PheriphMeeting.o
 .debug_macro   0x000020bf       0x42 ./src/PheriphMeeting.o
 .debug_macro   0x00002101       0x52 ./src/PheriphMeeting.o
 .debug_macro   0x00002153       0x78 ./src/PheriphMeeting.o
 .debug_macro   0x000021cb       0x82 ./src/PheriphMeeting.o
 .debug_macro   0x0000224d      0x48c ./src/PheriphMeeting.o
 .debug_macro   0x000026d9       0x34 ./src/PheriphMeeting.o
 .debug_macro   0x0000270d      0x4c5 ./src/PheriphMeeting.o
 .debug_macro   0x00002bd2      0x1b7 ./src/PheriphMeeting.o
 .debug_macro   0x00002d89       0x10 ./src/PheriphMeeting.o
 .debug_macro   0x00002d99      0x21b ./src/PheriphMeeting.o
 .debug_macro   0x00002fb4      0x1b9 ./src/PheriphMeeting.o
 .debug_macro   0x0000316d       0x40 ./src/PheriphMeeting.o
 .debug_macro   0x000031ad       0x22 ./src/PheriphMeeting.o
 .debug_macro   0x000031cf      0x162 ./src/PheriphMeeting.o
 .debug_macro   0x00003331       0x94 ./src/PheriphMeeting.o
 .debug_macro   0x000033c5       0xb8 ./src/PheriphMeeting.o
 .debug_macro   0x0000347d       0x4c ./src/PheriphMeeting.o
 .debug_macro   0x000034c9       0x16 ./src/PheriphMeeting.o
 .debug_macro   0x000034df      0x328 ./src/PheriphMeeting.o
 .debug_macro   0x00003807       0x49 ./src/PheriphMeeting.o
 .debug_macro   0x00003850       0x16 ./src/PheriphMeeting.o
 .debug_macro   0x00003866       0xca ./src/PheriphMeeting.o
 .debug_macro   0x00003930       0x18 ./src/PheriphMeeting.o
 .debug_macro   0x00003948       0x70 ./src/PheriphMeeting.o
 .debug_macro   0x000039b8       0xa8 ./src/PheriphMeeting.o
 .debug_macro   0x00003a60       0x20 ./src/PheriphMeeting.o
 .debug_macro   0x00003a80       0x28 ./src/PheriphMeeting.o
 .debug_macro   0x00003aa8       0x82 ./src/PheriphMeeting.o
 .debug_macro   0x00003b2a       0x1d ./src/cr_startup_lpc175x_6x.o
 .debug_macro   0x00003b47       0x1a ./src/crp.o
 .debug_macro   0x00003b61       0x34 ./src/crp.o
 .debug_macro   0x00003b95      0x217 ./src/sysinit.o
 .debug_macro   0x00003dac      0x289 C:\Users\Bakhtizin\Documents\LPCXpresso_8.2.0_647\workspace\lpc_board_nxp_lpcxpresso_1769\Debug\liblpc_board_nxp_lpcxpresso_1769.a(board.o)
 .debug_macro   0x00004035      0x886 C:\Users\Bakhtizin\Documents\LPCXpresso_8.2.0_647\workspace\lpc_board_nxp_lpcxpresso_1769\Debug\liblpc_board_nxp_lpcxpresso_1769.a(board.o)
 .debug_macro   0x000048bb       0x9a C:\Users\Bakhtizin\Documents\LPCXpresso_8.2.0_647\workspace\lpc_board_nxp_lpcxpresso_1769\Debug\liblpc_board_nxp_lpcxpresso_1769.a(board.o)
 .debug_macro   0x00004955       0x12 C:\Users\Bakhtizin\Documents\LPCXpresso_8.2.0_647\workspace\lpc_board_nxp_lpcxpresso_1769\Debug\liblpc_board_nxp_lpcxpresso_1769.a(board.o)
 .debug_macro   0x00004967      0x217 C:\Users\Bakhtizin\Documents\LPCXpresso_8.2.0_647\workspace\lpc_board_nxp_lpcxpresso_1769\Debug\liblpc_board_nxp_lpcxpresso_1769.a(board_sysinit.o)
 .debug_macro   0x00004b7e      0x1cd C:\Users\Bakhtizin\Documents\LPCXpresso_8.2.0_647\workspace\lpc_chip_175x_6x\Debug\liblpc_chip_175x_6x.a(chip_17xx_40xx.o)
 .debug_macro   0x00004d4b      0x1cd C:\Users\Bakhtizin\Documents\LPCXpresso_8.2.0_647\workspace\lpc_chip_175x_6x\Debug\liblpc_chip_175x_6x.a(clock_17xx_40xx.o)
 .debug_macro   0x00004f18      0x1cd C:\Users\Bakhtizin\Documents\LPCXpresso_8.2.0_647\workspace\lpc_chip_175x_6x\Debug\liblpc_chip_175x_6x.a(iocon_17xx_40xx.o)
 .debug_macro   0x000050e5      0x1cd C:\Users\Bakhtizin\Documents\LPCXpresso_8.2.0_647\workspace\lpc_chip_175x_6x\Debug\liblpc_chip_175x_6x.a(sysinit_17xx_40xx.o)
 .debug_macro   0x000052b2      0x1cd C:\Users\Bakhtizin\Documents\LPCXpresso_8.2.0_647\workspace\lpc_chip_175x_6x\Debug\liblpc_chip_175x_6x.a(uart_17xx_40xx.o)

.debug_line     0x00000000     0x33fa
 .debug_line    0x00000000      0x504 ./src/PheriphMeeting.o
 .debug_line    0x00000504       0xd5 ./src/cr_startup_lpc175x_6x.o
 .debug_line    0x000005d9       0x78 ./src/crp.o
 .debug_line    0x00000651      0x49d ./src/sysinit.o
 .debug_line    0x00000aee      0x858 C:\Users\Bakhtizin\Documents\LPCXpresso_8.2.0_647\workspace\lpc_board_nxp_lpcxpresso_1769\Debug\liblpc_board_nxp_lpcxpresso_1769.a(board.o)
 .debug_line    0x00001346      0x4dd C:\Users\Bakhtizin\Documents\LPCXpresso_8.2.0_647\workspace\lpc_board_nxp_lpcxpresso_1769\Debug\liblpc_board_nxp_lpcxpresso_1769.a(board_sysinit.o)
 .debug_line    0x00001823      0x45d C:\Users\Bakhtizin\Documents\LPCXpresso_8.2.0_647\workspace\lpc_chip_175x_6x\Debug\liblpc_chip_175x_6x.a(chip_17xx_40xx.o)
 .debug_line    0x00001c80      0x6d9 C:\Users\Bakhtizin\Documents\LPCXpresso_8.2.0_647\workspace\lpc_chip_175x_6x\Debug\liblpc_chip_175x_6x.a(clock_17xx_40xx.o)
 .debug_line    0x00002359      0x449 C:\Users\Bakhtizin\Documents\LPCXpresso_8.2.0_647\workspace\lpc_chip_175x_6x\Debug\liblpc_chip_175x_6x.a(iocon_17xx_40xx.o)
 .debug_line    0x000027a2      0x4d3 C:\Users\Bakhtizin\Documents\LPCXpresso_8.2.0_647\workspace\lpc_chip_175x_6x\Debug\liblpc_chip_175x_6x.a(sysinit_17xx_40xx.o)
 .debug_line    0x00002c75      0x785 C:\Users\Bakhtizin\Documents\LPCXpresso_8.2.0_647\workspace\lpc_chip_175x_6x\Debug\liblpc_chip_175x_6x.a(uart_17xx_40xx.o)

.debug_str      0x00000000    0x130b2
 .debug_str     0x00000000    0x10df7 ./src/PheriphMeeting.o
                              0x10ed5 (size before relaxing)
 .debug_str     0x00010df7      0x1c2 ./src/cr_startup_lpc175x_6x.o
                               0x26c8 (size before relaxing)
 .debug_str     0x00010fb9       0xe9 ./src/crp.o
                               0x25e0 (size before relaxing)
 .debug_str     0x000110a2       0x1b ./src/sysinit.o
                              0x10a9d (size before relaxing)
 .debug_str     0x000110bd      0xf9e C:\Users\Bakhtizin\Documents\LPCXpresso_8.2.0_647\workspace\lpc_board_nxp_lpcxpresso_1769\Debug\liblpc_board_nxp_lpcxpresso_1769.a(board.o)
                              0x1192d (size before relaxing)
 .debug_str     0x0001205b      0x22d C:\Users\Bakhtizin\Documents\LPCXpresso_8.2.0_647\workspace\lpc_board_nxp_lpcxpresso_1769\Debug\liblpc_board_nxp_lpcxpresso_1769.a(board_sysinit.o)
                              0x10e67 (size before relaxing)
 .debug_str     0x00012288       0xd6 C:\Users\Bakhtizin\Documents\LPCXpresso_8.2.0_647\workspace\lpc_chip_175x_6x\Debug\liblpc_chip_175x_6x.a(chip_17xx_40xx.o)
                              0x10b5e (size before relaxing)
 .debug_str     0x0001235e      0x857 C:\Users\Bakhtizin\Documents\LPCXpresso_8.2.0_647\workspace\lpc_chip_175x_6x\Debug\liblpc_chip_175x_6x.a(clock_17xx_40xx.o)
                              0x111cc (size before relaxing)
 .debug_str     0x00012bb5       0x79 C:\Users\Bakhtizin\Documents\LPCXpresso_8.2.0_647\workspace\lpc_chip_175x_6x\Debug\liblpc_chip_175x_6x.a(iocon_17xx_40xx.o)
                              0x10649 (size before relaxing)
 .debug_str     0x00012c2e       0xc4 C:\Users\Bakhtizin\Documents\LPCXpresso_8.2.0_647\workspace\lpc_chip_175x_6x\Debug\liblpc_chip_175x_6x.a(sysinit_17xx_40xx.o)
                              0x10831 (size before relaxing)
 .debug_str     0x00012cf2      0x3c0 C:\Users\Bakhtizin\Documents\LPCXpresso_8.2.0_647\workspace\lpc_chip_175x_6x\Debug\liblpc_chip_175x_6x.a(uart_17xx_40xx.o)
                              0x110a1 (size before relaxing)

.comment        0x00000000       0xdc
 .comment       0x00000000       0x6e ./src/PheriphMeeting.o
                                 0x6f (size before relaxing)
 .comment       0x0000006e       0x6f ./src/cr_startup_lpc175x_6x.o
 .comment       0x0000006e       0x6f ./src/crp.o
 .comment       0x0000006e       0x6f ./src/sysinit.o
 .comment       0x0000006e       0x6f C:\Users\Bakhtizin\Documents\LPCXpresso_8.2.0_647\workspace\lpc_board_nxp_lpcxpresso_1769\Debug\liblpc_board_nxp_lpcxpresso_1769.a(board.o)
 .comment       0x0000006e       0x6f C:\Users\Bakhtizin\Documents\LPCXpresso_8.2.0_647\workspace\lpc_board_nxp_lpcxpresso_1769\Debug\liblpc_board_nxp_lpcxpresso_1769.a(board_sysinit.o)
 .comment       0x0000006e       0x6f C:\Users\Bakhtizin\Documents\LPCXpresso_8.2.0_647\workspace\lpc_chip_175x_6x\Debug\liblpc_chip_175x_6x.a(chip_17xx_40xx.o)
 .comment       0x0000006e       0x6f C:\Users\Bakhtizin\Documents\LPCXpresso_8.2.0_647\workspace\lpc_chip_175x_6x\Debug\liblpc_chip_175x_6x.a(clock_17xx_40xx.o)
 .comment       0x0000006e       0x6f C:\Users\Bakhtizin\Documents\LPCXpresso_8.2.0_647\workspace\lpc_chip_175x_6x\Debug\liblpc_chip_175x_6x.a(iocon_17xx_40xx.o)
 .comment       0x0000006e       0x6f C:\Users\Bakhtizin\Documents\LPCXpresso_8.2.0_647\workspace\lpc_chip_175x_6x\Debug\liblpc_chip_175x_6x.a(sysinit_17xx_40xx.o)
 .comment       0x0000006e       0x6f C:\Users\Bakhtizin\Documents\LPCXpresso_8.2.0_647\workspace\lpc_chip_175x_6x\Debug\liblpc_chip_175x_6x.a(uart_17xx_40xx.o)
 .comment       0x0000006e       0x6e c:/nxp/lpcxpresso_8.2.0_647/lpcxpresso/tools/bin/../lib/gcc/arm-none-eabi/5.3.1/../../../../arm-none-eabi/lib/armv7-m\libcr_c.a(__weak__main.o)
                                 0x6f (size before relaxing)

.ARM.attributes
                0x00000000       0x31
 .ARM.attributes
                0x00000000       0x33 ./src/PheriphMeeting.o
 .ARM.attributes
                0x00000033       0x33 ./src/cr_startup_lpc175x_6x.o
 .ARM.attributes
                0x00000066       0x33 ./src/crp.o
 .ARM.attributes
                0x00000099       0x33 ./src/sysinit.o
 .ARM.attributes
                0x000000cc       0x33 C:\Users\Bakhtizin\Documents\LPCXpresso_8.2.0_647\workspace\lpc_board_nxp_lpcxpresso_1769\Debug\liblpc_board_nxp_lpcxpresso_1769.a(board.o)
 .ARM.attributes
                0x000000ff       0x33 C:\Users\Bakhtizin\Documents\LPCXpresso_8.2.0_647\workspace\lpc_board_nxp_lpcxpresso_1769\Debug\liblpc_board_nxp_lpcxpresso_1769.a(board_sysinit.o)
 .ARM.attributes
                0x00000132       0x33 C:\Users\Bakhtizin\Documents\LPCXpresso_8.2.0_647\workspace\lpc_chip_175x_6x\Debug\liblpc_chip_175x_6x.a(chip_17xx_40xx.o)
 .ARM.attributes
                0x00000165       0x33 C:\Users\Bakhtizin\Documents\LPCXpresso_8.2.0_647\workspace\lpc_chip_175x_6x\Debug\liblpc_chip_175x_6x.a(clock_17xx_40xx.o)
 .ARM.attributes
                0x00000198       0x33 C:\Users\Bakhtizin\Documents\LPCXpresso_8.2.0_647\workspace\lpc_chip_175x_6x\Debug\liblpc_chip_175x_6x.a(iocon_17xx_40xx.o)
 .ARM.attributes
                0x000001cb       0x33 C:\Users\Bakhtizin\Documents\LPCXpresso_8.2.0_647\workspace\lpc_chip_175x_6x\Debug\liblpc_chip_175x_6x.a(sysinit_17xx_40xx.o)
 .ARM.attributes
                0x000001fe       0x33 C:\Users\Bakhtizin\Documents\LPCXpresso_8.2.0_647\workspace\lpc_chip_175x_6x\Debug\liblpc_chip_175x_6x.a(uart_17xx_40xx.o)
 .ARM.attributes
                0x00000231       0x33 c:/nxp/lpcxpresso_8.2.0_647/lpcxpresso/tools/bin/../lib/gcc/arm-none-eabi/5.3.1/../../../../arm-none-eabi/lib/armv7-m\libcr_c.a(__weak__main.o)

.debug_frame    0x00000000     0x1430
 .debug_frame   0x00000000       0x30 ./src/PheriphMeeting.o
 .debug_frame   0x00000030      0x170 ./src/cr_startup_lpc175x_6x.o
 .debug_frame   0x000001a0       0x34 ./src/sysinit.o
 .debug_frame   0x000001d4      0x5d4 C:\Users\Bakhtizin\Documents\LPCXpresso_8.2.0_647\workspace\lpc_board_nxp_lpcxpresso_1769\Debug\liblpc_board_nxp_lpcxpresso_1769.a(board.o)
 .debug_frame   0x000007a8       0x8c C:\Users\Bakhtizin\Documents\LPCXpresso_8.2.0_647\workspace\lpc_board_nxp_lpcxpresso_1769\Debug\liblpc_board_nxp_lpcxpresso_1769.a(board_sysinit.o)
 .debug_frame   0x00000834       0x88 C:\Users\Bakhtizin\Documents\LPCXpresso_8.2.0_647\workspace\lpc_chip_175x_6x\Debug\liblpc_chip_175x_6x.a(chip_17xx_40xx.o)
 .debug_frame   0x000008bc      0x490 C:\Users\Bakhtizin\Documents\LPCXpresso_8.2.0_647\workspace\lpc_chip_175x_6x\Debug\liblpc_chip_175x_6x.a(clock_17xx_40xx.o)
 .debug_frame   0x00000d4c       0x80 C:\Users\Bakhtizin\Documents\LPCXpresso_8.2.0_647\workspace\lpc_chip_175x_6x\Debug\liblpc_chip_175x_6x.a(iocon_17xx_40xx.o)
 .debug_frame   0x00000dcc      0x12c C:\Users\Bakhtizin\Documents\LPCXpresso_8.2.0_647\workspace\lpc_chip_175x_6x\Debug\liblpc_chip_175x_6x.a(sysinit_17xx_40xx.o)
 .debug_frame   0x00000ef8      0x538 C:\Users\Bakhtizin\Documents\LPCXpresso_8.2.0_647\workspace\lpc_chip_175x_6x\Debug\liblpc_chip_175x_6x.a(uart_17xx_40xx.o)
